Archive member included to satisfy reference by file (symbol)

/var/data/aluno/lira/riscv-multicycle-master/compiler/gcc/bin/../lib/gcc/riscv-none-embed/10.2.0/../../../../riscv-none-embed/lib/rv32im/ilp32/libg.a(lib_a-errno.o)
                              ../_core/syscalls.o (__errno)
/var/data/aluno/lira/riscv-multicycle-master/compiler/gcc/bin/../lib/gcc/riscv-none-embed/10.2.0/../../../../riscv-none-embed/lib/rv32im/ilp32/libg.a(lib_a-exit.o)
                              /var/data/aluno/lira/riscv-multicycle-master/compiler/gcc/bin/../lib/gcc/riscv-none-embed/10.2.0/../../../../riscv-none-embed/lib/rv32im/ilp32/crt0.o (exit)
/var/data/aluno/lira/riscv-multicycle-master/compiler/gcc/bin/../lib/gcc/riscv-none-embed/10.2.0/../../../../riscv-none-embed/lib/rv32im/ilp32/libg.a(lib_a-impure.o)
                              /var/data/aluno/lira/riscv-multicycle-master/compiler/gcc/bin/../lib/gcc/riscv-none-embed/10.2.0/../../../../riscv-none-embed/lib/rv32im/ilp32/libg.a(lib_a-exit.o) (_global_impure_ptr)
/var/data/aluno/lira/riscv-multicycle-master/compiler/gcc/bin/../lib/gcc/riscv-none-embed/10.2.0/../../../../riscv-none-embed/lib/rv32im/ilp32/libg.a(lib_a-init.o)
                              /var/data/aluno/lira/riscv-multicycle-master/compiler/gcc/bin/../lib/gcc/riscv-none-embed/10.2.0/../../../../riscv-none-embed/lib/rv32im/ilp32/crt0.o (__libc_init_array)
/var/data/aluno/lira/riscv-multicycle-master/compiler/gcc/bin/../lib/gcc/riscv-none-embed/10.2.0/../../../../riscv-none-embed/lib/rv32im/ilp32/libg.a(lib_a-memcpy.o)
                              ../_core/syscalls.o (memcpy)
/var/data/aluno/lira/riscv-multicycle-master/compiler/gcc/bin/../lib/gcc/riscv-none-embed/10.2.0/../../../../riscv-none-embed/lib/rv32im/ilp32/libg.a(lib_a-memset.o)
                              /var/data/aluno/lira/riscv-multicycle-master/compiler/gcc/bin/../lib/gcc/riscv-none-embed/10.2.0/../../../../riscv-none-embed/lib/rv32im/ilp32/crt0.o (memset)
/var/data/aluno/lira/riscv-multicycle-master/compiler/gcc/bin/../lib/gcc/riscv-none-embed/10.2.0/../../../../riscv-none-embed/lib/rv32im/ilp32/libg.a(lib_a-__call_atexit.o)
                              /var/data/aluno/lira/riscv-multicycle-master/compiler/gcc/bin/../lib/gcc/riscv-none-embed/10.2.0/../../../../riscv-none-embed/lib/rv32im/ilp32/libg.a(lib_a-exit.o) (__call_exitprocs)
/var/data/aluno/lira/riscv-multicycle-master/compiler/gcc/bin/../lib/gcc/riscv-none-embed/10.2.0/../../../../riscv-none-embed/lib/rv32im/ilp32/libg.a(lib_a-fini.o)
                              /var/data/aluno/lira/riscv-multicycle-master/compiler/gcc/bin/../lib/gcc/riscv-none-embed/10.2.0/../../../../riscv-none-embed/lib/rv32im/ilp32/libg.a(lib_a-__call_atexit.o) (__libc_fini_array)
/var/data/aluno/lira/riscv-multicycle-master/compiler/gcc/bin/../lib/gcc/riscv-none-embed/10.2.0/../../../../riscv-none-embed/lib/rv32im/ilp32/libg.a(lib_a-atexit.o)
                              /var/data/aluno/lira/riscv-multicycle-master/compiler/gcc/bin/../lib/gcc/riscv-none-embed/10.2.0/../../../../riscv-none-embed/lib/rv32im/ilp32/libg.a(lib_a-__call_atexit.o) (atexit)
/var/data/aluno/lira/riscv-multicycle-master/compiler/gcc/bin/../lib/gcc/riscv-none-embed/10.2.0/../../../../riscv-none-embed/lib/rv32im/ilp32/libg.a(lib_a-__atexit.o)
                              /var/data/aluno/lira/riscv-multicycle-master/compiler/gcc/bin/../lib/gcc/riscv-none-embed/10.2.0/../../../../riscv-none-embed/lib/rv32im/ilp32/libg.a(lib_a-atexit.o) (__register_exitproc)

Memory Configuration

Name             Origin             Length             Attributes
rom              0x0000000000000000 0x000000000000fc00 xr
ram              0x0000000002000000 0x0000000000000800 xrw
*default*        0x0000000000000000 0xffffffffffffffff

Linker script and memory map

LOAD /var/data/aluno/lira/riscv-multicycle-master/compiler/gcc/bin/../lib/gcc/riscv-none-embed/10.2.0/../../../../riscv-none-embed/lib/rv32im/ilp32/crt0.o
LOAD /var/data/aluno/lira/riscv-multicycle-master/compiler/gcc/bin/../lib/gcc/riscv-none-embed/10.2.0/rv32im/ilp32/crtbegin.o
LOAD main_HCSR04.o
LOAD start.o
LOAD ../_core/syscalls.o
LOAD ../_core/utils.o
LOAD /var/data/aluno/lira/riscv-multicycle-master/compiler/gcc/bin/../lib/gcc/riscv-none-embed/10.2.0/rv32im/ilp32/libgcc.a
START GROUP
LOAD /var/data/aluno/lira/riscv-multicycle-master/compiler/gcc/bin/../lib/gcc/riscv-none-embed/10.2.0/rv32im/ilp32/libgcc.a
LOAD /var/data/aluno/lira/riscv-multicycle-master/compiler/gcc/bin/../lib/gcc/riscv-none-embed/10.2.0/../../../../riscv-none-embed/lib/rv32im/ilp32/libg.a
LOAD /var/data/aluno/lira/riscv-multicycle-master/compiler/gcc/bin/../lib/gcc/riscv-none-embed/10.2.0/../../../../riscv-none-embed/lib/rv32im/ilp32/libc.a
END GROUP
LOAD /var/data/aluno/lira/riscv-multicycle-master/compiler/gcc/bin/../lib/gcc/riscv-none-embed/10.2.0/rv32im/ilp32/libgcc.a
LOAD /var/data/aluno/lira/riscv-multicycle-master/compiler/gcc/bin/../lib/gcc/riscv-none-embed/10.2.0/rv32im/ilp32/crtend.o

.rom            0x0000000000000000      0x2cb
 _pvstart*(.text)
 start*(.text)
 .text          0x0000000000000000       0x58 start.o
                0x0000000000000000                _pvstart
                0x0000000000000058                . = ALIGN (0x4)
 *(.text)
 .text          0x0000000000000058       0x4c /var/data/aluno/lira/riscv-multicycle-master/compiler/gcc/bin/../lib/gcc/riscv-none-embed/10.2.0/../../../../riscv-none-embed/lib/rv32im/ilp32/crt0.o
                0x0000000000000058                _start
 .text          0x00000000000000a4        0x0 /var/data/aluno/lira/riscv-multicycle-master/compiler/gcc/bin/../lib/gcc/riscv-none-embed/10.2.0/rv32im/ilp32/crtbegin.o
 .text          0x00000000000000a4       0x44 main_HCSR04.o
                0x00000000000000a4                Read_HCSR04
                0x00000000000000b0                main
 .text          0x00000000000000e8       0xd4 ../_core/syscalls.o
                0x00000000000000e8                _getpid
                0x00000000000000e8                _utime
                0x00000000000000e8                _sysconf
                0x00000000000000e8                _ftime
                0x00000000000000e8                _isatty
                0x00000000000000e8                _open
                0x00000000000000e8                _times
                0x00000000000000e8                _stat
                0x00000000000000e8                _chdir
                0x00000000000000e8                _wait
                0x00000000000000e8                _lseek
                0x00000000000000e8                _fstatat
                0x00000000000000e8                _link
                0x00000000000000e8                _chown
                0x00000000000000e8                _access
                0x00000000000000e8                _openat
                0x00000000000000e8                _execve
                0x00000000000000e8                _chmod
                0x00000000000000e8                _lstat
                0x00000000000000e8                _unlink
                0x00000000000000e8                _fork
                0x00000000000000e8                _getcwd
                0x00000000000000e8                _kill
                0x00000000000000e8                _gettimeofday
                0x00000000000000e8                _faccessat
                0x00000000000000ec                unimplemented_syscall
                0x000000000000010c                _read
                0x0000000000000114                _write
                0x0000000000000138                _close
                0x0000000000000140                _fstat
                0x0000000000000164                _sbrk
                0x0000000000000188                _exit
                0x000000000000018c                init_data_section
 .text          0x00000000000001bc       0x10 ../_core/utils.o
                0x00000000000001bc                delay_
 .text          0x00000000000001cc        0x0 /var/data/aluno/lira/riscv-multicycle-master/compiler/gcc/bin/../lib/gcc/riscv-none-embed/10.2.0/../../../../riscv-none-embed/lib/rv32im/ilp32/libg.a(lib_a-errno.o)
 .text          0x00000000000001cc        0x0 /var/data/aluno/lira/riscv-multicycle-master/compiler/gcc/bin/../lib/gcc/riscv-none-embed/10.2.0/../../../../riscv-none-embed/lib/rv32im/ilp32/libg.a(lib_a-exit.o)
 .text          0x00000000000001cc        0x0 /var/data/aluno/lira/riscv-multicycle-master/compiler/gcc/bin/../lib/gcc/riscv-none-embed/10.2.0/../../../../riscv-none-embed/lib/rv32im/ilp32/libg.a(lib_a-impure.o)
 .text          0x00000000000001cc        0x0 /var/data/aluno/lira/riscv-multicycle-master/compiler/gcc/bin/../lib/gcc/riscv-none-embed/10.2.0/../../../../riscv-none-embed/lib/rv32im/ilp32/libg.a(lib_a-init.o)
 .text          0x00000000000001cc        0x0 /var/data/aluno/lira/riscv-multicycle-master/compiler/gcc/bin/../lib/gcc/riscv-none-embed/10.2.0/../../../../riscv-none-embed/lib/rv32im/ilp32/libg.a(lib_a-memcpy.o)
 .text          0x00000000000001cc       0xdc /var/data/aluno/lira/riscv-multicycle-master/compiler/gcc/bin/../lib/gcc/riscv-none-embed/10.2.0/../../../../riscv-none-embed/lib/rv32im/ilp32/libg.a(lib_a-memset.o)
                0x00000000000001cc                memset
 .text          0x00000000000002a8        0x0 /var/data/aluno/lira/riscv-multicycle-master/compiler/gcc/bin/../lib/gcc/riscv-none-embed/10.2.0/../../../../riscv-none-embed/lib/rv32im/ilp32/libg.a(lib_a-__call_atexit.o)
 .text          0x00000000000002a8        0x0 /var/data/aluno/lira/riscv-multicycle-master/compiler/gcc/bin/../lib/gcc/riscv-none-embed/10.2.0/../../../../riscv-none-embed/lib/rv32im/ilp32/libg.a(lib_a-fini.o)
 .text          0x00000000000002a8        0x0 /var/data/aluno/lira/riscv-multicycle-master/compiler/gcc/bin/../lib/gcc/riscv-none-embed/10.2.0/../../../../riscv-none-embed/lib/rv32im/ilp32/libg.a(lib_a-atexit.o)
 .text          0x00000000000002a8        0x0 /var/data/aluno/lira/riscv-multicycle-master/compiler/gcc/bin/../lib/gcc/riscv-none-embed/10.2.0/../../../../riscv-none-embed/lib/rv32im/ilp32/libg.a(lib_a-__atexit.o)
 .text          0x00000000000002a8        0x0 /var/data/aluno/lira/riscv-multicycle-master/compiler/gcc/bin/../lib/gcc/riscv-none-embed/10.2.0/rv32im/ilp32/crtend.o
 *(.rodata*)
 .rodata.str1.4
                0x00000000000002a8       0x23 ../_core/syscalls.o

.text.__do_global_dtors_aux
                0x00000000000002cc       0x48
 .text.__do_global_dtors_aux
                0x00000000000002cc       0x48 /var/data/aluno/lira/riscv-multicycle-master/compiler/gcc/bin/../lib/gcc/riscv-none-embed/10.2.0/rv32im/ilp32/crtbegin.o

.text.frame_dummy
                0x0000000000000314       0x20
 .text.frame_dummy
                0x0000000000000314       0x20 /var/data/aluno/lira/riscv-multicycle-master/compiler/gcc/bin/../lib/gcc/riscv-none-embed/10.2.0/rv32im/ilp32/crtbegin.o

.text.trap      0x0000000000000334       0xc8
 .text.trap     0x0000000000000334       0xc8 start.o
                0x0000000000000334                trap_entry

.text.irq       0x00000000000003fc       0xa8
 .text.irq      0x00000000000003fc       0xa8 start.o
                0x00000000000003fc                irq_entry

.init           0x00000000000004a4       0x84
 .init          0x00000000000004a4       0x84 start.o

.text.__errno   0x0000000000000528        0x8
 .text.__errno  0x0000000000000528        0x8 /var/data/aluno/lira/riscv-multicycle-master/compiler/gcc/bin/../lib/gcc/riscv-none-embed/10.2.0/../../../../riscv-none-embed/lib/rv32im/ilp32/libg.a(lib_a-errno.o)
                0x0000000000000528                __errno

.text.exit      0x0000000000000530       0x34
 .text.exit     0x0000000000000530       0x34 /var/data/aluno/lira/riscv-multicycle-master/compiler/gcc/bin/../lib/gcc/riscv-none-embed/10.2.0/../../../../riscv-none-embed/lib/rv32im/ilp32/libg.a(lib_a-exit.o)
                0x0000000000000530                exit

.text.__libc_init_array
                0x0000000000000564       0x84
 .text.__libc_init_array
                0x0000000000000564       0x84 /var/data/aluno/lira/riscv-multicycle-master/compiler/gcc/bin/../lib/gcc/riscv-none-embed/10.2.0/../../../../riscv-none-embed/lib/rv32im/ilp32/libg.a(lib_a-init.o)
                0x0000000000000564                __libc_init_array

.text.memcpy    0x00000000000005e8      0x128
 .text.memcpy   0x00000000000005e8      0x128 /var/data/aluno/lira/riscv-multicycle-master/compiler/gcc/bin/../lib/gcc/riscv-none-embed/10.2.0/../../../../riscv-none-embed/lib/rv32im/ilp32/libg.a(lib_a-memcpy.o)
                0x00000000000005e8                memcpy

.text.startup.register_fini
                0x0000000000000710       0x18
 .text.startup.register_fini
                0x0000000000000710       0x18 /var/data/aluno/lira/riscv-multicycle-master/compiler/gcc/bin/../lib/gcc/riscv-none-embed/10.2.0/../../../../riscv-none-embed/lib/rv32im/ilp32/libg.a(lib_a-__call_atexit.o)

.text.__call_exitprocs
                0x0000000000000728      0x124
 .text.__call_exitprocs
                0x0000000000000728      0x124 /var/data/aluno/lira/riscv-multicycle-master/compiler/gcc/bin/../lib/gcc/riscv-none-embed/10.2.0/../../../../riscv-none-embed/lib/rv32im/ilp32/libg.a(lib_a-__call_atexit.o)
                0x0000000000000728                __call_exitprocs

.text.__libc_fini_array
                0x000000000000084c       0x54
 .text.__libc_fini_array
                0x000000000000084c       0x54 /var/data/aluno/lira/riscv-multicycle-master/compiler/gcc/bin/../lib/gcc/riscv-none-embed/10.2.0/../../../../riscv-none-embed/lib/rv32im/ilp32/libg.a(lib_a-fini.o)
                0x000000000000084c                __libc_fini_array

.text.atexit    0x00000000000008a0       0x14
 .text.atexit   0x00000000000008a0       0x14 /var/data/aluno/lira/riscv-multicycle-master/compiler/gcc/bin/../lib/gcc/riscv-none-embed/10.2.0/../../../../riscv-none-embed/lib/rv32im/ilp32/libg.a(lib_a-atexit.o)
                0x00000000000008a0                atexit

.text.__register_exitproc
                0x00000000000008b4       0x9c
 .text.__register_exitproc
                0x00000000000008b4       0x9c /var/data/aluno/lira/riscv-multicycle-master/compiler/gcc/bin/../lib/gcc/riscv-none-embed/10.2.0/../../../../riscv-none-embed/lib/rv32im/ilp32/libg.a(lib_a-__atexit.o)
                0x00000000000008b4                __register_exitproc

.eh_frame       0x0000000000000950        0x4
 .eh_frame      0x0000000000000950        0x0 /var/data/aluno/lira/riscv-multicycle-master/compiler/gcc/bin/../lib/gcc/riscv-none-embed/10.2.0/rv32im/ilp32/crtbegin.o
 .eh_frame      0x0000000000000950        0x4 /var/data/aluno/lira/riscv-multicycle-master/compiler/gcc/bin/../lib/gcc/riscv-none-embed/10.2.0/rv32im/ilp32/crtend.o

.srodata._global_impure_ptr
                0x0000000000000954        0x4
 .srodata._global_impure_ptr
                0x0000000000000954        0x4 /var/data/aluno/lira/riscv-multicycle-master/compiler/gcc/bin/../lib/gcc/riscv-none-embed/10.2.0/../../../../riscv-none-embed/lib/rv32im/ilp32/libg.a(lib_a-impure.o)
                0x0000000000000954                _global_impure_ptr

.rela.dyn       0x0000000000000958        0x0
 .rela.text     0x0000000000000958        0x0 /var/data/aluno/lira/riscv-multicycle-master/compiler/gcc/bin/../lib/gcc/riscv-none-embed/10.2.0/../../../../riscv-none-embed/lib/rv32im/ilp32/crt0.o
 .rela.text.__do_global_dtors_aux
                0x0000000000000958        0x0 /var/data/aluno/lira/riscv-multicycle-master/compiler/gcc/bin/../lib/gcc/riscv-none-embed/10.2.0/../../../../riscv-none-embed/lib/rv32im/ilp32/crt0.o
 .rela.text.frame_dummy
                0x0000000000000958        0x0 /var/data/aluno/lira/riscv-multicycle-master/compiler/gcc/bin/../lib/gcc/riscv-none-embed/10.2.0/../../../../riscv-none-embed/lib/rv32im/ilp32/crt0.o
 .rela.init     0x0000000000000958        0x0 /var/data/aluno/lira/riscv-multicycle-master/compiler/gcc/bin/../lib/gcc/riscv-none-embed/10.2.0/../../../../riscv-none-embed/lib/rv32im/ilp32/crt0.o
 .rela.text.__libc_init_array
                0x0000000000000958        0x0 /var/data/aluno/lira/riscv-multicycle-master/compiler/gcc/bin/../lib/gcc/riscv-none-embed/10.2.0/../../../../riscv-none-embed/lib/rv32im/ilp32/crt0.o
 .rela.text.startup.register_fini
                0x0000000000000958        0x0 /var/data/aluno/lira/riscv-multicycle-master/compiler/gcc/bin/../lib/gcc/riscv-none-embed/10.2.0/../../../../riscv-none-embed/lib/rv32im/ilp32/crt0.o
 .rela.text.__libc_fini_array
                0x0000000000000958        0x0 /var/data/aluno/lira/riscv-multicycle-master/compiler/gcc/bin/../lib/gcc/riscv-none-embed/10.2.0/../../../../riscv-none-embed/lib/rv32im/ilp32/crt0.o

.data           0x0000000002000000      0x42c load address 0x0000000000000958
                0x0000000000000958                _data_lma = LOADADDR (.data)
                0x0000000002000000                _data = .
                0x0000000002000000                __global_pointer$ = .
 *(.data .data.*)
 .data          0x0000000002000000        0x0 /var/data/aluno/lira/riscv-multicycle-master/compiler/gcc/bin/../lib/gcc/riscv-none-embed/10.2.0/../../../../riscv-none-embed/lib/rv32im/ilp32/crt0.o
 .data          0x0000000002000000        0x0 /var/data/aluno/lira/riscv-multicycle-master/compiler/gcc/bin/../lib/gcc/riscv-none-embed/10.2.0/rv32im/ilp32/crtbegin.o
 .data          0x0000000002000000        0x0 main_HCSR04.o
 .data          0x0000000002000000        0x0 start.o
 .data          0x0000000002000000        0x0 ../_core/syscalls.o
 .data          0x0000000002000000        0x0 ../_core/utils.o
 .data          0x0000000002000000        0x0 /var/data/aluno/lira/riscv-multicycle-master/compiler/gcc/bin/../lib/gcc/riscv-none-embed/10.2.0/../../../../riscv-none-embed/lib/rv32im/ilp32/libg.a(lib_a-errno.o)
 .data          0x0000000002000000        0x0 /var/data/aluno/lira/riscv-multicycle-master/compiler/gcc/bin/../lib/gcc/riscv-none-embed/10.2.0/../../../../riscv-none-embed/lib/rv32im/ilp32/libg.a(lib_a-exit.o)
 .data          0x0000000002000000        0x0 /var/data/aluno/lira/riscv-multicycle-master/compiler/gcc/bin/../lib/gcc/riscv-none-embed/10.2.0/../../../../riscv-none-embed/lib/rv32im/ilp32/libg.a(lib_a-impure.o)
 .data.impure_data
                0x0000000002000000      0x428 /var/data/aluno/lira/riscv-multicycle-master/compiler/gcc/bin/../lib/gcc/riscv-none-embed/10.2.0/../../../../riscv-none-embed/lib/rv32im/ilp32/libg.a(lib_a-impure.o)
 .data          0x0000000002000428        0x0 /var/data/aluno/lira/riscv-multicycle-master/compiler/gcc/bin/../lib/gcc/riscv-none-embed/10.2.0/../../../../riscv-none-embed/lib/rv32im/ilp32/libg.a(lib_a-init.o)
 .data          0x0000000002000428        0x0 /var/data/aluno/lira/riscv-multicycle-master/compiler/gcc/bin/../lib/gcc/riscv-none-embed/10.2.0/../../../../riscv-none-embed/lib/rv32im/ilp32/libg.a(lib_a-memcpy.o)
 .data          0x0000000002000428        0x0 /var/data/aluno/lira/riscv-multicycle-master/compiler/gcc/bin/../lib/gcc/riscv-none-embed/10.2.0/../../../../riscv-none-embed/lib/rv32im/ilp32/libg.a(lib_a-memset.o)
 .data          0x0000000002000428        0x0 /var/data/aluno/lira/riscv-multicycle-master/compiler/gcc/bin/../lib/gcc/riscv-none-embed/10.2.0/../../../../riscv-none-embed/lib/rv32im/ilp32/libg.a(lib_a-__call_atexit.o)
 .data          0x0000000002000428        0x0 /var/data/aluno/lira/riscv-multicycle-master/compiler/gcc/bin/../lib/gcc/riscv-none-embed/10.2.0/../../../../riscv-none-embed/lib/rv32im/ilp32/libg.a(lib_a-fini.o)
 .data          0x0000000002000428        0x0 /var/data/aluno/lira/riscv-multicycle-master/compiler/gcc/bin/../lib/gcc/riscv-none-embed/10.2.0/../../../../riscv-none-embed/lib/rv32im/ilp32/libg.a(lib_a-atexit.o)
 .data          0x0000000002000428        0x0 /var/data/aluno/lira/riscv-multicycle-master/compiler/gcc/bin/../lib/gcc/riscv-none-embed/10.2.0/../../../../riscv-none-embed/lib/rv32im/ilp32/libg.a(lib_a-__atexit.o)
 .data          0x0000000002000428        0x0 /var/data/aluno/lira/riscv-multicycle-master/compiler/gcc/bin/../lib/gcc/riscv-none-embed/10.2.0/rv32im/ilp32/crtend.o
 *(.sdata .sdata.*)
 .sdata._impure_ptr
                0x0000000002000428        0x4 /var/data/aluno/lira/riscv-multicycle-master/compiler/gcc/bin/../lib/gcc/riscv-none-embed/10.2.0/../../../../riscv-none-embed/lib/rv32im/ilp32/libg.a(lib_a-impure.o)
                0x0000000002000428                _impure_ptr
                0x000000000200042c                . = ALIGN (0x4)
                0x000000000200042c                _edata = .

.fini_array     0x000000000200042c        0x4 load address 0x0000000000000d84
 .fini_array    0x000000000200042c        0x4 /var/data/aluno/lira/riscv-multicycle-master/compiler/gcc/bin/../lib/gcc/riscv-none-embed/10.2.0/rv32im/ilp32/crtbegin.o

.init_array     0x0000000002000430        0x4 load address 0x0000000000000d88
 .init_array    0x0000000002000430        0x4 /var/data/aluno/lira/riscv-multicycle-master/compiler/gcc/bin/../lib/gcc/riscv-none-embed/10.2.0/rv32im/ilp32/crtbegin.o

.init_array.00000
                0x0000000002000434        0x4 load address 0x0000000000000d8c
 .init_array.00000
                0x0000000002000434        0x4 /var/data/aluno/lira/riscv-multicycle-master/compiler/gcc/bin/../lib/gcc/riscv-none-embed/10.2.0/../../../../riscv-none-embed/lib/rv32im/ilp32/libg.a(lib_a-__call_atexit.o)

.bss            0x0000000002000438       0x18 load address 0x0000000000000d90
                0x0000000002000438                __bss_start = .
 *(.bss .bss.*)
 .bss           0x0000000002000438        0x0 /var/data/aluno/lira/riscv-multicycle-master/compiler/gcc/bin/../lib/gcc/riscv-none-embed/10.2.0/../../../../riscv-none-embed/lib/rv32im/ilp32/crt0.o
 .bss           0x0000000002000438        0x0 /var/data/aluno/lira/riscv-multicycle-master/compiler/gcc/bin/../lib/gcc/riscv-none-embed/10.2.0/rv32im/ilp32/crtbegin.o
 .bss.object.0  0x0000000002000438       0x18 /var/data/aluno/lira/riscv-multicycle-master/compiler/gcc/bin/../lib/gcc/riscv-none-embed/10.2.0/rv32im/ilp32/crtbegin.o
 .bss           0x0000000002000450        0x0 main_HCSR04.o
 .bss           0x0000000002000450        0x0 start.o
 .bss           0x0000000002000450        0x0 ../_core/syscalls.o
 .bss           0x0000000002000450        0x0 ../_core/utils.o
 .bss           0x0000000002000450        0x0 /var/data/aluno/lira/riscv-multicycle-master/compiler/gcc/bin/../lib/gcc/riscv-none-embed/10.2.0/../../../../riscv-none-embed/lib/rv32im/ilp32/libg.a(lib_a-errno.o)
 .bss           0x0000000002000450        0x0 /var/data/aluno/lira/riscv-multicycle-master/compiler/gcc/bin/../lib/gcc/riscv-none-embed/10.2.0/../../../../riscv-none-embed/lib/rv32im/ilp32/libg.a(lib_a-exit.o)
 .bss           0x0000000002000450        0x0 /var/data/aluno/lira/riscv-multicycle-master/compiler/gcc/bin/../lib/gcc/riscv-none-embed/10.2.0/../../../../riscv-none-embed/lib/rv32im/ilp32/libg.a(lib_a-impure.o)
 .bss           0x0000000002000450        0x0 /var/data/aluno/lira/riscv-multicycle-master/compiler/gcc/bin/../lib/gcc/riscv-none-embed/10.2.0/../../../../riscv-none-embed/lib/rv32im/ilp32/libg.a(lib_a-init.o)
 .bss           0x0000000002000450        0x0 /var/data/aluno/lira/riscv-multicycle-master/compiler/gcc/bin/../lib/gcc/riscv-none-embed/10.2.0/../../../../riscv-none-embed/lib/rv32im/ilp32/libg.a(lib_a-memcpy.o)
 .bss           0x0000000002000450        0x0 /var/data/aluno/lira/riscv-multicycle-master/compiler/gcc/bin/../lib/gcc/riscv-none-embed/10.2.0/../../../../riscv-none-embed/lib/rv32im/ilp32/libg.a(lib_a-memset.o)
 .bss           0x0000000002000450        0x0 /var/data/aluno/lira/riscv-multicycle-master/compiler/gcc/bin/../lib/gcc/riscv-none-embed/10.2.0/../../../../riscv-none-embed/lib/rv32im/ilp32/libg.a(lib_a-__call_atexit.o)
 .bss           0x0000000002000450        0x0 /var/data/aluno/lira/riscv-multicycle-master/compiler/gcc/bin/../lib/gcc/riscv-none-embed/10.2.0/../../../../riscv-none-embed/lib/rv32im/ilp32/libg.a(lib_a-fini.o)
 .bss           0x0000000002000450        0x0 /var/data/aluno/lira/riscv-multicycle-master/compiler/gcc/bin/../lib/gcc/riscv-none-embed/10.2.0/../../../../riscv-none-embed/lib/rv32im/ilp32/libg.a(lib_a-atexit.o)
 .bss           0x0000000002000450        0x0 /var/data/aluno/lira/riscv-multicycle-master/compiler/gcc/bin/../lib/gcc/riscv-none-embed/10.2.0/../../../../riscv-none-embed/lib/rv32im/ilp32/libg.a(lib_a-__atexit.o)
 .bss           0x0000000002000450        0x0 /var/data/aluno/lira/riscv-multicycle-master/compiler/gcc/bin/../lib/gcc/riscv-none-embed/10.2.0/rv32im/ilp32/crtend.o
                0x0000000002000450                . = ALIGN (0x4)
                0x0000000002000450                _bss_end = .
                0x0000000002000450                _end = .
OUTPUT(main_HCSR04.elf elf32-littleriscv)

.sbss.completed.1
                0x0000000002000450        0x1 load address 0x0000000000000d90
 .sbss.completed.1
                0x0000000002000450        0x1 /var/data/aluno/lira/riscv-multicycle-master/compiler/gcc/bin/../lib/gcc/riscv-none-embed/10.2.0/rv32im/ilp32/crtbegin.o

.sbss           0x0000000002000454        0x4 load address 0x0000000000000d90
 .sbss          0x0000000002000454        0x4 ../_core/syscalls.o

.comment        0x0000000000000000       0x33
 .comment       0x0000000000000000       0x33 /var/data/aluno/lira/riscv-multicycle-master/compiler/gcc/bin/../lib/gcc/riscv-none-embed/10.2.0/rv32im/ilp32/crtbegin.o
                                         0x34 (size before relaxing)
 .comment       0x0000000000000033       0x34 main_HCSR04.o
 .comment       0x0000000000000033       0x34 ../_core/syscalls.o
 .comment       0x0000000000000033       0x34 ../_core/utils.o
 .comment       0x0000000000000033       0x34 /var/data/aluno/lira/riscv-multicycle-master/compiler/gcc/bin/../lib/gcc/riscv-none-embed/10.2.0/../../../../riscv-none-embed/lib/rv32im/ilp32/libg.a(lib_a-errno.o)
 .comment       0x0000000000000033       0x34 /var/data/aluno/lira/riscv-multicycle-master/compiler/gcc/bin/../lib/gcc/riscv-none-embed/10.2.0/../../../../riscv-none-embed/lib/rv32im/ilp32/libg.a(lib_a-exit.o)
 .comment       0x0000000000000033       0x34 /var/data/aluno/lira/riscv-multicycle-master/compiler/gcc/bin/../lib/gcc/riscv-none-embed/10.2.0/../../../../riscv-none-embed/lib/rv32im/ilp32/libg.a(lib_a-impure.o)
 .comment       0x0000000000000033       0x34 /var/data/aluno/lira/riscv-multicycle-master/compiler/gcc/bin/../lib/gcc/riscv-none-embed/10.2.0/../../../../riscv-none-embed/lib/rv32im/ilp32/libg.a(lib_a-init.o)
 .comment       0x0000000000000033       0x34 /var/data/aluno/lira/riscv-multicycle-master/compiler/gcc/bin/../lib/gcc/riscv-none-embed/10.2.0/../../../../riscv-none-embed/lib/rv32im/ilp32/libg.a(lib_a-memcpy.o)
 .comment       0x0000000000000033       0x34 /var/data/aluno/lira/riscv-multicycle-master/compiler/gcc/bin/../lib/gcc/riscv-none-embed/10.2.0/../../../../riscv-none-embed/lib/rv32im/ilp32/libg.a(lib_a-__call_atexit.o)
 .comment       0x0000000000000033       0x34 /var/data/aluno/lira/riscv-multicycle-master/compiler/gcc/bin/../lib/gcc/riscv-none-embed/10.2.0/../../../../riscv-none-embed/lib/rv32im/ilp32/libg.a(lib_a-fini.o)
 .comment       0x0000000000000033       0x34 /var/data/aluno/lira/riscv-multicycle-master/compiler/gcc/bin/../lib/gcc/riscv-none-embed/10.2.0/../../../../riscv-none-embed/lib/rv32im/ilp32/libg.a(lib_a-atexit.o)
 .comment       0x0000000000000033       0x34 /var/data/aluno/lira/riscv-multicycle-master/compiler/gcc/bin/../lib/gcc/riscv-none-embed/10.2.0/../../../../riscv-none-embed/lib/rv32im/ilp32/libg.a(lib_a-__atexit.o)
 .comment       0x0000000000000033       0x34 /var/data/aluno/lira/riscv-multicycle-master/compiler/gcc/bin/../lib/gcc/riscv-none-embed/10.2.0/rv32im/ilp32/crtend.o
